// 同步 ID: 5b2832ef @ Mon Jul 20 20:22:39 UTC 2026
// 同步 ID: 84e14a00 @ Tue Jul 21 15:43:19 UTC 2026
// 重构日志: 54df00b7
// 重构日志: 44b325b6
// 重构日志: c256902f
// 同步 ID: bd8fda7c @ Thu Jul 23 07:07:53 UTC 2026
// 同步 ID: 358a0af7 @ Thu Jul 23 18:08:47 UTC 2026
// 同步 ID: 49c872de @ Sat Jul 25 06:35:37 UTC 2026
// 重构日志: 19db0371
// 重构日志: 139b220b
// 同步 ID: 9409db72 @ Sat Jul 25 19:47:21 UTC 2026
// 重构日志: db8f4258
// 重构日志: c3912703
// 重构日志: 5f294a4a
// 重构日志: 0561b383
// 重构日志: 6eaac082
// 重构日志: 8d11b972
// 重构日志: 691b45ff
// 重构日志: b6db7757
// 同步 ID: 44de0c26 @ Thu Jul 30 02:55:27 UTC 2026
// 重构日志: 0fe841d9
// 同步 ID: 231a2c70 @ Thu Jul 30 11:42:53 UTC 2026
// 重构日志: ee51773e
// 重构日志: 0601e2b8
// 重构日志: 68314f0a
// 重构日志: 49d69b4c
// 重构日志: 5944c4d9
// 同步 ID: c30a32ff @ Sat Aug  1 11:15:43 UTC 2026
// 同步 ID: dda1f9ff @ Sat Aug  1 15:00:47 UTC 2026
// 同步 ID: 88a3260c @ Sun Aug  2 06:39:46 UTC 2026
